
> Task :compileJava FAILED
./gradlew : D:\Project\bandi\backend\src\main\java\com\bandi\backend\serv
ice\ClanGatherService.java:498: error: illegal start of type
위치 줄:1 문자:1
+ ./gradlew compileJava > build_output.txt 2>&1; Get-Content build_outp .
..
+ ~~~~~~~~~~~~~~~~~~~~~~~~~~~~~~~~~~~~~~~~~~~~~
    + CategoryInfo          : NotSpecified: (D:\Project\band...l start o 
   f type:String) [], RemoteException
    + FullyQualifiedErrorId : NativeCommandError
 
    for(
    ^
D:\Project\bandi\backend\src\main\java\com\bandi\backend\service\ClanGath
erService.java:500: error: > expected
    int i = 0;i<rooms.size();i++)
                          ^
D:\Project\bandi\backend\src\main\java\com\bandi\backend\service\ClanGath
erService.java:500: error: <identifier> expected
    int i = 0;i<rooms.size();i++)
                              ^
D:\Project\bandi\backend\src\main\java\com\bandi\backend\service\ClanGath
erService.java:537: error: <identifier> expected
    gather.setGatherProcFg("M");gather.setUpdDtime(currentDateTime);gathe
r.setUpdId(userId);clanGatherRepository.save(gather);
                          ^
D:\Project\bandi\backend\src\main\java\com\bandi\backend\service\ClanGath
erService.java:537: error: illegal start of type
    gather.setGatherProcFg("M");gather.setUpdDtime(currentDateTime);gathe
r.setUpdId(userId);clanGatherRepository.save(gather);
                           ^
D:\Project\bandi\backend\src\main\java\com\bandi\backend\service\ClanGath
erService.java:537: error: <identifier> expected
    gather.setGatherProcFg("M");gather.setUpdDtime(currentDateTime);gathe
r.setUpdId(userId);clanGatherRepository.save(gather);
                                                  ^
D:\Project\bandi\backend\src\main\java\com\bandi\backend\service\ClanGath
erService.java:537: error: <identifier> expected
    gather.setGatherProcFg("M");gather.setUpdDtime(currentDateTime);gathe
r.setUpdId(userId);clanGatherRepository.save(gather);
                                                                  ^
D:\Project\bandi\backend\src\main\java\com\bandi\backend\service\ClanGath
erService.java:537: error: <identifier> expected
    gather.setGatherProcFg("M");gather.setUpdDtime(currentDateTime);gathe
r.setUpdId(userId);clanGatherRepository.save(gather);
                                                                         
          ^
D:\Project\bandi\backend\src\main\java\com\bandi\backend\service\ClanGath
erService.java:537: error: <identifier> expected
    gather.setGatherProcFg("M");gather.setUpdDtime(currentDateTime);gathe
r.setUpdId(userId);clanGatherRepository.save(gather);
                                                                         
                 ^
D:\Project\bandi\backend\src\main\java\com\bandi\backend\service\ClanGath
erService.java:537: error: <identifier> expected
    gather.setGatherProcFg("M");gather.setUpdDtime(currentDateTime);gathe
r.setUpdId(userId);clanGatherRepository.save(gather);
                                                                         
                                            ^
D:\Project\bandi\backend\src\main\java\com\bandi\backend\service\ClanGath
erService.java:537: error: <identifier> expected
    gather.setGatherProcFg("M");gather.setUpdDtime(currentDateTime);gathe
r.setUpdId(userId);clanGatherRepository.save(gather);
                                                                         
                                                   ^
D:\Project\bandi\backend\src\main\java\com\bandi\backend\service\ClanGath
erService.java:541: error: class, interface, enum, or record expected
    public void completeGathering(Long gatherNo, String userId) {
           ^
D:\Project\bandi\backend\src\main\java\com\bandi\backend\service\ClanGath
erService.java:545: error: class, interface, enum, or record expected
        if (!gather.getInsId().equals(userId)) {
        ^
D:\Project\bandi\backend\src\main\java\com\bandi\backend\service\ClanGath
erService.java:549: error: class, interface, enum, or record expected
            if (!"Y".equals(user.getAdminYn())) {
            ^
D:\Project\bandi\backend\src\main\java\com\bandi\backend\service\ClanGath
erService.java:551: error: class, interface, enum, or record expected
            }
            ^
D:\Project\bandi\backend\src\main\java\com\bandi\backend\service\ClanGath
erService.java:555: error: class, interface, enum, or record expected
        gather.setUpdDtime(LocalDateTime.now().format(DateTimeFormatter.o
fPattern("yyyyMMddHHmmss")));
        ^
D:\Project\bandi\backend\src\main\java\com\bandi\backend\service\ClanGath
erService.java:556: error: class, interface, enum, or record expected
        gather.setUpdId(userId);
        ^
D:\Project\bandi\backend\src\main\java\com\bandi\backend\service\ClanGath
erService.java:557: error: class, interface, enum, or record expected
        clanGatherRepository.save(gather);
        ^
D:\Project\bandi\backend\src\main\java\com\bandi\backend\service\ClanGath
erService.java:558: error: class, interface, enum, or record expected
    }
    ^
D:\Project\bandi\backend\src\main\java\com\bandi\backend\service\ClanGath
erService.java:561: error: class, interface, enum, or record expected
    public List<GatheringMatchResultDto> getMatchResults(Long gatherNo) {
           ^
D:\Project\bandi\backend\src\main\java\com\bandi\backend\service\ClanGath
erService.java:563: error: class, interface, enum, or record expected
        List<ClanMatchResult> results = clanMatchResultRepository.findByG
atherNo(gatherNo);
        ^
D:\Project\bandi\backend\src\main\java\com\bandi\backend\service\ClanGath
erService.java:564: error: class, interface, enum, or record expected
        List<ClanGatherSession> rawSessions = clanGatherSessionRepository
.findByGatherNo(gatherNo);
        ^
D:\Project\bandi\backend\src\main\java\com\bandi\backend\service\ClanGath
erService.java:565: error: class, interface, enum, or record expected
        List<ClanGatherApply> allApplicants = clanGatherApplyRepository.f
indByGatherNo(gatherNo);
        ^
D:\Project\bandi\backend\src\main\java\com\bandi\backend\service\ClanGath
erService.java:567: error: class, interface, enum, or record expected
        Map<String, String> sessionNames = commDetailRepository.findActiv
eDetailsByCommCd("BD100")
        ^
D:\Project\bandi\backend\src\main\java\com\bandi\backend\service\ClanGath
erService.java:572: error: class, interface, enum, or record expected
        List<String> standardRequiredSessions = new ArrayList<>();
        ^
D:\Project\bandi\backend\src\main\java\com\bandi\backend\service\ClanGath
erService.java:573: error: class, interface, enum, or record expected
        if (rawSessions != null) {
        ^
D:\Project\bandi\backend\src\main\java\com\bandi\backend\service\ClanGath
erService.java:576: error: class, interface, enum, or record expected
            }
            ^
D:\Project\bandi\backend\src\main\java\com\bandi\backend\service\ClanGath
erService.java:580: error: class, interface, enum, or record expected
        for (ClanMatchResult r : results) {
        ^
D:\Project\bandi\backend\src\main\java\com\bandi\backend\service\ClanGath
erService.java:583: error: class, interface, enum, or record expected
                userNames.put(r.getUserId(), name);
                ^
D:\Project\bandi\backend\src\main\java\com\bandi\backend\service\ClanGath
erService.java:584: error: class, interface, enum, or record expected
            }
            ^
D:\Project\bandi\backend\src\main\java\com\bandi\backend\service\ClanGath
erService.java:592: error: class, interface, enum, or record expected
        Map<String, Integer> userScores = allApplicants.stream()
        ^
D:\Project\bandi\backend\src\main\java\com\bandi\backend\service\ClanGath
erService.java:596: error: class, interface, enum, or record expected
        List<GatheringMatchResultDto> dtoList = new ArrayList<>();
        ^
D:\Project\bandi\backend\src\main\java\com\bandi\backend\service\ClanGath
erService.java:597: error: class, interface, enum, or record expected
        for (ClanMatchRoom room : rooms) {
        ^
D:\Project\bandi\backend\src\main\java\com\bandi\backend\service\ClanGath
erService.java:599: error: class, interface, enum, or record expected
            rdto.setRoomNo(room.getRoomNo());
            ^
D:\Project\bandi\backend\src\main\java\com\bandi\backend\service\ClanGath
erService.java:600: error: class, interface, enum, or record expected
            rdto.setGatherNo(room.getGatherNo());
            ^
D:\Project\bandi\backend\src\main\java\com\bandi\backend\service\ClanGath
erService.java:601: error: class, interface, enum, or record expected
            rdto.setRoomNm(room.getRoomNm());
            ^
D:\Project\bandi\backend\src\main\java\com\bandi\backend\service\ClanGath
erService.java:602: error: class, interface, enum, or record expected
            rdto.setSkillScoreTot(room.getSkillScoreTot());
            ^
D:\Project\bandi\backend\src\main\java\com\bandi\backend\service\ClanGath
erService.java:603: error: class, interface, enum, or record expected
            rdto.setMemberCnt(room.getMemberCnt());
            ^
D:\Project\bandi\backend\src\main\java\com\bandi\backend\service\ClanGath
erService.java:604: error: class, interface, enum, or record expected
            rdto.setSkillScoreAvg(room.getSkillScoreAvg());
            ^
D:\Project\bandi\backend\src\main\java\com\bandi\backend\service\ClanGath
erService.java:605: error: class, interface, enum, or record expected
            rdto.setRequiredSessionNmList(standardRequiredSessions); // I
nsert standard requirements here
            ^
D:\Project\bandi\backend\src\main\java\com\bandi\backend\service\ClanGath
erService.java:607: error: class, interface, enum, or record expected
            List<GatheringMatchMemberDto> filteredMembers = results.strea
m()
            ^
D:\Project\bandi\backend\src\main\java\com\bandi\backend\service\ClanGath
erService.java:611: error: class, interface, enum, or record expected
                        mdto.setResultNo(res.getResultNo());
                        ^
D:\Project\bandi\backend\src\main\java\com\bandi\backend\service\ClanGath
erService.java:612: error: class, interface, enum, or record expected
                        mdto.setUserId(res.getUserId());
                        ^
D:\Project\bandi\backend\src\main\java\com\bandi\backend\service\ClanGath
erService.java:613: error: class, interface, enum, or record expected

[Incubating] Problems report is available at: file:///D:/Project/bandi/backend/build/reports/problems/problems-report.html
1 actionable task: 1 executed
                        mdto.setUserNickNm(userNames.getOrDefault(res.get
UserId(), res.getUserId()));
                        ^
D:\Project\bandi\backend\src\main\java\com\bandi\backend\service\ClanGath
erService.java:614: error: class, interface, enum, or record expected
                        mdto.setSessionTypeCd(res.getSessionTypeCd());
                        ^
D:\Project\bandi\backend\src\main\java\com\bandi\backend\service\ClanGath
erService.java:615: error: class, interface, enum, or record expected
                        mdto.setSessionTypeNm(
                        ^
D:\Project\bandi\backend\src\main\java\com\bandi\backend\service\ClanGath
erService.java:617: error: class, interface, enum, or record expected
                        mdto.setSkillScore(userScores.getOrDefault(res.ge
tUserId(), 0));
                        ^
D:\Project\bandi\backend\src\main\java\com\bandi\backend\service\ClanGath
erService.java:618: error: class, interface, enum, or record expected
                        mdto.setUserGenderCd(userGenders.getOrDefault(res
.getUserId(), "M"));
                        ^
D:\Project\bandi\backend\src\main\java\com\bandi\backend\service\ClanGath
erService.java:619: error: class, interface, enum, or record expected
                        return mdto;
                        ^
D:\Project\bandi\backend\src\main\java\com\bandi\backend\service\ClanGath
erService.java:620: error: class, interface, enum, or record expected
                    }).collect(Collectors.toList());
                    ^
D:\Project\bandi\backend\src\main\java\com\bandi\backend\service\ClanGath
erService.java:622: error: class, interface, enum, or record expected
            rdto.setMembers(filteredMembers);
            ^
D:\Project\bandi\backend\src\main\java\com\bandi\backend\service\ClanGath
erService.java:623: error: class, interface, enum, or record expected
            dtoList.add(rdto);
            ^
D:\Project\bandi\backend\src\main\java\com\bandi\backend\service\ClanGath
erService.java:624: error: class, interface, enum, or record expected
        }
        ^
D:\Project\bandi\backend\src\main\java\com\bandi\backend\service\ClanGath
erService.java:626: error: class, interface, enum, or record expected
    }
    ^
54 errors

FAILURE: Build failed with an exception.

* What went wrong:
Execution failed for task ':compileJava'.
> Compilation failed; see the compiler output below.
  D:\Project\bandi\backend\src\main\java\com\bandi\backend\service\ClanGa
therService.java:498: error: illegal start of type
      for(
      ^
  54 errors

* Try:
> Check your code and dependencies to fix the compilation error(s)
> Run with --scan to get full insights from a Build Scan (powered by Deve
locity).

BUILD FAILED in 1s
